


NVFORTRAN (Version     23.1)          02/24/2023  13:35:46      page 1

Switches: -noasm -nodclchk -debug -nodlines -line -list
          -idir .D[1]
          -idir .D[2]
          -idir .D[3]
          -idir .D[4]
          -idir .D[5]
          -idir .D[6]
          -idir .D[7]
          -idir .D[8]
          -idir .D[9]
          -idir .D[10]
          -idir .D[11]
          -idir .D[12]
          -idir .D[13]
          -idir .D[14]
          -idir .D[15]
          -idir .D[16]
          -idir .D[17]
          -idir .D[18]
          -idir .D[19]
          -idir .D[20]
          -idir .D[21]
          -idir .D[22]
          -idir .D[23]
          -idir .D[24]
          -idir .D[25]
          -idir .D[26]
          -idir .D[27]
          -idir .D[28]
          -idir .D[29]
          -idir .D[30]
          -idir .D[31]
          -idir .D[32]
          -idir .D[33]
          -idir .D[34]
          -idir .D[35]
          -idir .D[36]
          -idir .D[37]
          -idir .D[38]
          -idir .D[39]
          -idir .D[40]
          -idir .D[41]
          -idir .D[42]
          -idir .D[43]
          -idir .D[44]
          -idir .D[45]
          -idir .D[46]
          -idir .D[47]
          -idir .D[48]
          -idir .D[49]
          -idir .D[50]
          -idir .D[51]
          -idir .D[52]
          -idir .D[53]
          -idir .D[54]
          -idir .D[55]
          -idir .D[56]
          -idir .D[57]






NVFORTRAN (Version     23.1)          02/24/2023  13:35:46      page 2

          -idir .D[58]
          -idir .D[59]
          -idir .D[60]
          -idir .D[61]
          -idir .D[62]
          -idir .D[63]
          -idir .D[64]
          -idir .D[65]
          -idir .D[66]
          -idir .D[67]
          -idir .D[68]
          -idir .D[69]
          -idir .D[70]
          -idir .D[71]
          -idir .D[72]
          -idir .D[73]
          -idir .D[74]
          -idir .D[75]
          -idir .D[76]
          -idir .D[77]
          -idir .D[78]
          -idir /opt/softs/nvidia/hpc_sdk/Linux_x86_64/23.1/comm_libs/openmpi/openmpi-3.1.5/include
          -idir /opt/softs/nvidia/hpc_sdk/Linux_x86_64/23.1/comm_libs/openmpi/openmpi-3.1.5/lib
          -inform severe -opt 0 -nosave -object -noonetrip
          -depchk on -nostandard     
          -symbol -noupcase    

Filename: modi_default_assim.F90

(    1) !depfile:default_assim.F90
(    2) MODULE MODI_DEFAULT_ASSIM
(    3) INTERFACE
(    4)       SUBROUTINE DEFAULT_ASSIM(OASSIM,HASSIM,HASSIM_ISBA,KPRINTLEV,         &
(    5)                                OAROME,OECSST,OAESST,OAESNM,                 &
(    6)                                OALADSURF,OREAD_SST_FROM_FILE,               &
(    7)                                HFILE_FORMAT_SST,OEXTRAP_SEA,                &
(    8)                                OEXTRAP_WATER,OEXTRAP_NATURE,                &
(    9)                                OWATERTG2,KBOUTPUT,KECHGU,KECHGXFU,PRCLIMCA, &
(   10)                                PRCLISST,PSIGH2MO,PSIGT2MO,PSIGWGO,          &
(   11)                                PSIGWGB,PSIGW2B,OOBSWG,OOBS2M,OIMVEG,        &
(   12)                                PSPRECIP2,PRTHR_QC,PSIGWGO_MAX,              &
(   13)                                PRSCAL_JAC,OPRT,OSIM,OBEV,OBFIXED,           &
(   14)                                KOBSTYPE,OOBSHEADER,HFILE_FORMAT_OBS,OOBSNAT,&
(   15)                                HFILE_FORMAT_FG,HFILE_FORMAT_LSM,            &
(   16)                                HFILE_FORMAT_CLIM,PERROBS_M,PQCOBS_M,        &
(   17)                                KNCO,KIVAR,KVAR,HVAR_M,HPREFIX_M,            &
(   18)                                PSIGMA_M,PTPRT_M,KNCV,PSCALE_Q,              &
(   19)                                PSCALE_QLAI,HBIO,HPREFIX_BIO,PALPH,          &
(   20)                                KENS,KIE,PINFL_M,PADDINFL_M, PASSIM_WINH,    &
(   21)                                PADDTIMECORR_M,OENS_GEN,OPB_CORRELATIONS,    &
(   22)                                OPERTURBATION_RUN,OBIAS_CORRECTION,          &
(   23)                                OENKF,ODENKF,HTEST)
(   24) USE MODD_ASSIM, ONLY : NOBSMAX, NVARMAX
(   25) LOGICAL,           INTENT(OUT) :: OASSIM        ! assimilation or not
(   26) CHARACTER(LEN=5),  INTENT(OUT) :: HASSIM        ! type of corrections PLUS/2DVAR
(   27) CHARACTER(LEN=5),  INTENT(OUT) :: HASSIM_ISBA
(   28) INTEGER,           INTENT(OUT) :: KPRINTLEV
(   29) LOGICAL,           INTENT(OUT) :: OAROME
(   30) LOGICAL,           INTENT(OUT) :: OECSST






NVFORTRAN (Version     23.1)          02/24/2023  13:35:46      page 3

(   31) LOGICAL,           INTENT(OUT) :: OAESST
(   32) LOGICAL,           INTENT(OUT) :: OAESNM
(   33) LOGICAL,           INTENT(OUT) :: OALADSURF
(   34) LOGICAL,           INTENT(OUT) :: OREAD_SST_FROM_FILE
(   35) CHARACTER(LEN=6),  INTENT(OUT) :: HFILE_FORMAT_SST
(   36) LOGICAL,           INTENT(OUT) :: OEXTRAP_SEA
(   37) LOGICAL,           INTENT(OUT) :: OEXTRAP_WATER
(   38) LOGICAL,           INTENT(OUT) :: OEXTRAP_NATURE
(   39) LOGICAL,           INTENT(OUT) :: OWATERTG2
(   40) INTEGER,           INTENT(OUT) :: KBOUTPUT
(   41) INTEGER,           INTENT(OUT) :: KECHGU
(   42) INTEGER,           INTENT(OUT) :: KECHGXFU
(   43) REAL,              INTENT(OUT) :: PRCLIMCA
(   44) REAL,              INTENT(OUT) :: PRCLISST
(   45) REAL,              INTENT(OUT) :: PSIGH2MO
(   46) REAL,              INTENT(OUT) :: PSIGT2MO
(   47) REAL,              INTENT(OUT) :: PSIGWGO
(   48) REAL,              INTENT(OUT) :: PSIGWGB
(   49) REAL,              INTENT(OUT) :: PSIGW2B
(   50) LOGICAL,           INTENT(OUT) :: OOBSWG
(   51) LOGICAL,           INTENT(OUT) :: OOBS2M
(   52) LOGICAL,           INTENT(OUT) :: OIMVEG
(   53) REAL,              INTENT(OUT) :: PSPRECIP2 
(   54) REAL,              INTENT(OUT) :: PRTHR_QC
(   55) REAL,              INTENT(OUT) :: PSIGWGO_MAX
(   56) REAL,              INTENT(OUT) :: PRSCAL_JAC
(   57) LOGICAL,           INTENT(OUT) :: OPRT
(   58) LOGICAL,           INTENT(OUT) :: OSIM
(   59) LOGICAL,           INTENT(OUT) :: OBEV
(   60) LOGICAL,           INTENT(OUT) :: OBFIXED
(   61) INTEGER,             INTENT(OUT) :: KOBSTYPE
(   62) LOGICAL,             INTENT(OUT) :: OOBSHEADER
(   63) CHARACTER(LEN=6),    INTENT(OUT) :: HFILE_FORMAT_OBS
(   64) CHARACTER(LEN=6),    INTENT(OUT) :: HFILE_FORMAT_FG
(   65) CHARACTER(LEN=6),    INTENT(OUT) :: HFILE_FORMAT_LSM
(   66) CHARACTER(LEN=6),    INTENT(OUT) :: HFILE_FORMAT_CLIM
(   67) REAL, DIMENSION(NOBSMAX),    INTENT(OUT) :: PERROBS_M
(   68) REAL, DIMENSION(NOBSMAX),    INTENT(OUT) :: PQCOBS_M
(   69) INTEGER, DIMENSION(NOBSMAX), INTENT(OUT) :: KNCO
(   70) LOGICAL, INTENT(OUT) :: OOBSNAT
(   71) INTEGER,           INTENT(OUT) :: KIVAR
(   72) INTEGER,           INTENT(OUT) :: KVAR
(   73) CHARACTER(LEN=3),  DIMENSION(NVARMAX), INTENT(OUT) :: HVAR_M
(   74) CHARACTER(LEN=100),  DIMENSION(NVARMAX), INTENT(OUT) :: HPREFIX_M
(   75) REAL, DIMENSION(NVARMAX), INTENT(OUT) :: PSIGMA_M
(   76) REAL, DIMENSION(NVARMAX), INTENT(OUT) :: PTPRT_M
(   77) INTEGER, DIMENSION(NVARMAX), INTENT(OUT) :: KNCV
(   78) REAL,                INTENT(OUT) :: PSCALE_Q
(   79) REAL,                INTENT(OUT) :: PSCALE_QLAI
(   80) CHARACTER(LEN=12),   INTENT(OUT) :: HBIO
(   81) CHARACTER(LEN=100),  INTENT(OUT) :: HPREFIX_BIO
(   82) REAL, DIMENSION(12), INTENT(OUT) :: PALPH
(   83) INTEGER, INTENT(OUT) :: KENS
(   84) INTEGER, INTENT(OUT) :: KIE
(   85) REAL, INTENT(OUT) :: PASSIM_WINH
(   86) REAL, DIMENSION(NVARMAX),INTENT(OUT) :: PINFL_M
(   87) REAL, DIMENSION(NVARMAX),INTENT(OUT) :: PADDINFL_M
(   88) REAL, DIMENSION(NVARMAX),INTENT(OUT) :: PADDTIMECORR_M






NVFORTRAN (Version     23.1)          02/24/2023  13:35:46      page 4

(   89) LOGICAL, INTENT(OUT) :: OENKF
(   90) LOGICAL, INTENT(OUT) :: ODENKF
(   91) LOGICAL, INTENT(OUT) :: OENS_GEN
(   92) LOGICAL, INTENT(OUT) :: OPB_CORRELATIONS
(   93) LOGICAL, INTENT(OUT) :: OPERTURBATION_RUN
(   94) LOGICAL, INTENT(OUT) :: OBIAS_CORRECTION
(   95) CHARACTER(LEN=2),   INTENT(IN) :: HTEST
(   96) END SUBROUTINE DEFAULT_ASSIM
(   97) 
(   98) END INTERFACE
(   99) END MODULE MODI_DEFAULT_ASSIM





















































NVFORTRAN (Version     23.1)          02/24/2023  13:35:46      page 5

(    1) # 1 "modi_default_assim.F90"
(    1) !depfile:default_assim.F90
(    2) MODULE MODI_DEFAULT_ASSIM
(    3) INTERFACE
(    4)       SUBROUTINE DEFAULT_ASSIM(OASSIM,HASSIM,HASSIM_ISBA,KPRINTLEV,         &
(    5)                                OAROME,OECSST,OAESST,OAESNM,                 &
(    6)                                OALADSURF,OREAD_SST_FROM_FILE,               &
(    7)                                HFILE_FORMAT_SST,OEXTRAP_SEA,                &
(    8)                                OEXTRAP_WATER,OEXTRAP_NATURE,                &
(    9)                                OWATERTG2,KBOUTPUT,KECHGU,KECHGXFU,PRCLIMCA, &
(   10)                                PRCLISST,PSIGH2MO,PSIGT2MO,PSIGWGO,          &
(   11)                                PSIGWGB,PSIGW2B,OOBSWG,OOBS2M,OIMVEG,        &
(   12)                                PSPRECIP2,PRTHR_QC,PSIGWGO_MAX,              &
(   13)                                PRSCAL_JAC,OPRT,OSIM,OBEV,OBFIXED,           &
(   14)                                KOBSTYPE,OOBSHEADER,HFILE_FORMAT_OBS,OOBSNAT,&
(   15)                                HFILE_FORMAT_FG,HFILE_FORMAT_LSM,            &
(   16)                                HFILE_FORMAT_CLIM,PERROBS_M,PQCOBS_M,        &
(   17)                                KNCO,KIVAR,KVAR,HVAR_M,HPREFIX_M,            &
(   18)                                PSIGMA_M,PTPRT_M,KNCV,PSCALE_Q,              &
(   19)                                PSCALE_QLAI,HBIO,HPREFIX_BIO,PALPH,          &
(   20)                                KENS,KIE,PINFL_M,PADDINFL_M, PASSIM_WINH,    &
(   21)                                PADDTIMECORR_M,OENS_GEN,OPB_CORRELATIONS,    &
(   22)                                OPERTURBATION_RUN,OBIAS_CORRECTION,          &
(   23)                                OENKF,ODENKF,HTEST)
(   24) USE MODD_ASSIM, ONLY : NOBSMAX, NVARMAX
(   25) LOGICAL,           INTENT(OUT) :: OASSIM        ! assimilation or not
(   26) CHARACTER(LEN=5),  INTENT(OUT) :: HASSIM        ! type of corrections PLUS/2DVAR
(   27) CHARACTER(LEN=5),  INTENT(OUT) :: HASSIM_ISBA
(   28) INTEGER,           INTENT(OUT) :: KPRINTLEV
(   29) LOGICAL,           INTENT(OUT) :: OAROME
(   30) LOGICAL,           INTENT(OUT) :: OECSST
(   31) LOGICAL,           INTENT(OUT) :: OAESST
(   32) LOGICAL,           INTENT(OUT) :: OAESNM
(   33) LOGICAL,           INTENT(OUT) :: OALADSURF
(   34) LOGICAL,           INTENT(OUT) :: OREAD_SST_FROM_FILE
(   35) CHARACTER(LEN=6),  INTENT(OUT) :: HFILE_FORMAT_SST
(   36) LOGICAL,           INTENT(OUT) :: OEXTRAP_SEA
(   37) LOGICAL,           INTENT(OUT) :: OEXTRAP_WATER
(   38) LOGICAL,           INTENT(OUT) :: OEXTRAP_NATURE
(   39) LOGICAL,           INTENT(OUT) :: OWATERTG2
(   40) INTEGER,           INTENT(OUT) :: KBOUTPUT
(   41) INTEGER,           INTENT(OUT) :: KECHGU
(   42) INTEGER,           INTENT(OUT) :: KECHGXFU
(   43) REAL,              INTENT(OUT) :: PRCLIMCA
(   44) REAL,              INTENT(OUT) :: PRCLISST
(   45) REAL,              INTENT(OUT) :: PSIGH2MO
(   46) REAL,              INTENT(OUT) :: PSIGT2MO
(   47) REAL,              INTENT(OUT) :: PSIGWGO
(   48) REAL,              INTENT(OUT) :: PSIGWGB
(   49) REAL,              INTENT(OUT) :: PSIGW2B
(   50) LOGICAL,           INTENT(OUT) :: OOBSWG
(   51) LOGICAL,           INTENT(OUT) :: OOBS2M
(   52) LOGICAL,           INTENT(OUT) :: OIMVEG
(   53) REAL,              INTENT(OUT) :: PSPRECIP2 
(   54) REAL,              INTENT(OUT) :: PRTHR_QC
(   55) REAL,              INTENT(OUT) :: PSIGWGO_MAX
(   56) REAL,              INTENT(OUT) :: PRSCAL_JAC
(   57) LOGICAL,           INTENT(OUT) :: OPRT






NVFORTRAN (Version     23.1)          02/24/2023  13:35:46      page 6

(   58) LOGICAL,           INTENT(OUT) :: OSIM
(   59) LOGICAL,           INTENT(OUT) :: OBEV
(   60) LOGICAL,           INTENT(OUT) :: OBFIXED
(   61) INTEGER,             INTENT(OUT) :: KOBSTYPE
(   62) LOGICAL,             INTENT(OUT) :: OOBSHEADER
(   63) CHARACTER(LEN=6),    INTENT(OUT) :: HFILE_FORMAT_OBS
(   64) CHARACTER(LEN=6),    INTENT(OUT) :: HFILE_FORMAT_FG
(   65) CHARACTER(LEN=6),    INTENT(OUT) :: HFILE_FORMAT_LSM
(   66) CHARACTER(LEN=6),    INTENT(OUT) :: HFILE_FORMAT_CLIM
(   67) REAL, DIMENSION(NOBSMAX),    INTENT(OUT) :: PERROBS_M
(   68) REAL, DIMENSION(NOBSMAX),    INTENT(OUT) :: PQCOBS_M
(   69) INTEGER, DIMENSION(NOBSMAX), INTENT(OUT) :: KNCO
(   70) LOGICAL, INTENT(OUT) :: OOBSNAT
(   71) INTEGER,           INTENT(OUT) :: KIVAR
(   72) INTEGER,           INTENT(OUT) :: KVAR
(   73) CHARACTER(LEN=3),  DIMENSION(NVARMAX), INTENT(OUT) :: HVAR_M
(   74) CHARACTER(LEN=100),  DIMENSION(NVARMAX), INTENT(OUT) :: HPREFIX_M
(   75) REAL, DIMENSION(NVARMAX), INTENT(OUT) :: PSIGMA_M
(   76) REAL, DIMENSION(NVARMAX), INTENT(OUT) :: PTPRT_M
(   77) INTEGER, DIMENSION(NVARMAX), INTENT(OUT) :: KNCV
(   78) REAL,                INTENT(OUT) :: PSCALE_Q
(   79) REAL,                INTENT(OUT) :: PSCALE_QLAI
(   80) CHARACTER(LEN=12),   INTENT(OUT) :: HBIO
(   81) CHARACTER(LEN=100),  INTENT(OUT) :: HPREFIX_BIO
(   82) REAL, DIMENSION(12), INTENT(OUT) :: PALPH
(   83) INTEGER, INTENT(OUT) :: KENS
(   84) INTEGER, INTENT(OUT) :: KIE
(   85) REAL, INTENT(OUT) :: PASSIM_WINH
(   86) REAL, DIMENSION(NVARMAX),INTENT(OUT) :: PINFL_M
(   87) REAL, DIMENSION(NVARMAX),INTENT(OUT) :: PADDINFL_M
(   88) REAL, DIMENSION(NVARMAX),INTENT(OUT) :: PADDTIMECORR_M
(   89) LOGICAL, INTENT(OUT) :: OENKF
(   90) LOGICAL, INTENT(OUT) :: ODENKF
(   91) LOGICAL, INTENT(OUT) :: OENS_GEN
(   92) LOGICAL, INTENT(OUT) :: OPB_CORRELATIONS
(   93) LOGICAL, INTENT(OUT) :: OPERTURBATION_RUN
(   94) LOGICAL, INTENT(OUT) :: OBIAS_CORRECTION
(   95) CHARACTER(LEN=2),   INTENT(IN) :: HTEST
(   96) END SUBROUTINE DEFAULT_ASSIM
(   97) # 98 "modi_default_assim.F90"
(   98) END INTERFACE
(   99) END MODULE MODI_DEFAULT_ASSIM
